CELL 0 0000000000000000000001000000000000000100000000
CELL 1 0000000001000000000000000000000000000100000000
CELL 2 0000001000000000000000000000000000000100000000
CELL 3 0000000000000000000100000000000000000100000000
CELL 4 0010000000000000000000000000000000000100000000
CELL 5 0100000000000000000000000001000000000000000000
CELL 6 0000010000000000000000000001000000000000000000
CELL 7 0000000000010000000000000000000001000000000000
CELL 8 0000000000000000010000000000000000010000000000
CELL 9 0000000000000100000000000000000000010000000000
CELL 10 0000000000000001000000100000000000000000000000
CELL 11 0000000000000000000001000000000000000100000000
CELL 12 0000000001000000000000000000000000000100000000
CELL 13 0000001000000000000000000000001000000000000000
CELL 14 0000000000000000000100000000000000000100000000
CELL 15 0010000000000000000000000000000000000100000000
CELL 16 0100000000000000000000000001000000000000000000
CELL 17 0000010000000000000000000000000001000000000000
CELL 18 0000000000010000000000000000000001000000000000
CELL 19 0000000000000000010000000000000000010000000000
CELL 20 0000000000000100000000000000000000010000000000
CELL 21 0000000000000001000000100000000000000000000000
CELL 22 0000000000000000000001000000000000000100000000
CELL 23 0000000001000000000000000000000000000100000000
CELL 24 0000001000000000000000000000001000000000000000
CELL 25 0000000000000000000100000001000000000000000000
CELL 26 0010000000000000000000000001000000000000000000
CELL 27 0100000000000000000000000001000000000000000000
CELL 28 0000010000000000000000000001000000000000000000
CELL 29 0000000000010000000000000000000001000000000000
CELL 30 0000000000000000010000000000000001000000000000
CELL 31 0000000000000100000000000000000000010000000000
CELL 32 0000000000000001000000100000000000000000000000
CELL 33 0000000000000000000001000000000000000100000000
CELL 34 0000000001000000000000000000000000000100000000
CELL 35 0000001000000000000000000000001000000000000000
CELL 36 0000000000000000000100000001000000000000000000
CELL 37 0010000000000000000000000000000000000000000100
CELL 38 0100000000000000000000000000000000000000000100
CELL 39 0000010000000000000000000000000000000000000100
CELL 40 0000000000010000000000100000000000000000000000
CELL 41 0000000000000000010000000000000001000000000000
CELL 42 0000000000000100000000000000000001000000000000
CELL 43 0000000000000001000000100000000000000000000000
CELL 44 0000000000000000000001000000001000000000000000
CELL 45 0000000001000000000000000000000000000100000000
CELL 46 0000001000000000000000000000001000000000000000
CELL 47 0000000000000000000100000001000000000000000000
CELL 48 0010000000000000000000000000000000000000000100
CELL 49 0100000000000000000000100000000000000000000000
CELL 50 0000010000000000000000100000000000000000000000
CELL 51 0000000000010000000000100000000000000000000000
CELL 52 0000000000000000010000100000000000000000000000
CELL 53 0000000000000100000000100000000000000000000000
CELL 54 0000000000000001000000100000000000000000000000
CELL 55 0000000000000000000001000000001000000000000000
CELL 56 0000000001000000000000000000001000000000000000
CELL 57 0000001000000000000000000000001000000000000000
CELL 58 0000000000000000000100000001000000000000000000
CELL 59 0010000000000000000000000000000000000000000100
CELL 60 0100000000000000000000000000000000000000000100
CELL 61 0000010000000000000000000000000000000000000100
CELL 62 0000000000010000000000100000000000000000000000
CELL 63 0000000000000000010000000000000000000000010000
CELL 64 0000000000000100000000000000000000000000010000
CELL 65 0000000000000001000000000000000000000000010000
CELL 66 0000000000000000000001000001000000000000000000
CELL 67 0000000001000000000000000001000000000000000000
CELL 68 0000001000000000000000000001000000000000000000
CELL 69 0000000000000000000100000001000000000000000000
CELL 70 0010000000000000000000000001000000000000000000
CELL 71 0100000000000000000000000001000000000000000000
CELL 72 0000010000000000000000000000000000000000000100
CELL 73 0000000000010000000000100000000000000000000000
CELL 74 0000000000000000010000000000000000000000010000
CELL 75 0000000000000100000000001000000000000000000000
CELL 76 0000000000000001000000001000000000000000000000
CELL 77 0000000000000000000001000001000000000000000000
CELL 78 0000000001000000000000000000010000000000000000
CELL 79 0000001000000000000000000000010000000000000000
CELL 80 0000000000000000000100000000010000000000000000
CELL 81 0010000000000000000000000000000000000000000100
CELL 82 0100000000000000000000000000000000000000000100
CELL 83 0000010000000000000000000000000000000000000100
CELL 84 0000000000010000000000100000000000000000000000
CELL 85 0000000000000000010000000000000000000000010000
CELL 86 0000000000000100000000001000000000000000000000
CELL 87 0000000000000001000000001000000000000000000000
CELL 88 0000000000000000000001000001000000000000000000
CELL 89 0000000001000000000000000000010000000000000000
CELL 90 0000001000000000000000000000010000000000000000
CELL 91 0000000000000000000100000000000000000001000000
CELL 92 0010000000000000000000100000000000000000000000
CELL 93 0100000000000000000000100000000000000000000000
CELL 94 0000010000000000000000100000000000000000000000
CELL 95 0000000000010000000000100000000000000000000000
CELL 96 0000000000000000010000000000000000000000010000
CELL 97 0000000000000100000000001000000000000000000000
CELL 98 0000000000000001000000001000000000000000000000
CELL 99 0000000000000000000001000001000000000000000000
CELL 100 0000000001000000000000000001000000000000000000
CELL 101 0000001000000000000000000000010000000000000000
CELL 102 0000000000000000000100000000000000000001000000
CELL 103 0010000000000000000000000000000000000001000000
CELL 104 0100000000000000000000100000000000000000000000
CELL 105 0000010000000000000000100000000000000000000000
CELL 106 0000000000010000000000100000000000000000000000
CELL 107 0000000000000000010000000000000000000000010000
CELL 108 0000000000000100000000000000000000000000010000
CELL 109 0000000000000001000000000000000000000000010000
CELL 110 0000000000000000000001000001000000000000000000
CELL 111 0000000001000000000000000000010000000000000000
CELL 112 0000001000000000000000000000010000000000000000
CELL 113 0000000000000000000100000000000000000001000000
CELL 114 0010000000000000000000100000000000000000000000
CELL 115 0100000000000000000000100000000000000000000000
CELL 116 0000010000000000000000100000000000000000000000
CELL 117 0000000000010000000000100000000000000000000000
CELL 118 0000000000000000010000100000000000000000000000
CELL 119 0000000000000100000000100000000000000000000000
CELL 120 0000000000000001000000100000000000000000000000
results/puzzle/probe/tb_probe.v:21: $finish called at 148830000 (1ps)
