amrut@Maverick:~/Documents/GDS-to-RTL/puzzle-task$ exiftool puzzle.gds 
ExifTool Version Number         : 12.76
File Name                       : puzzle.gds
Directory                       : .
File Size                       : 1422 kB
File Modification Date/Time     : 2026:08:16 17:50:40+05:30
File Access Date/Time           : 2026:08:16 21:50:36+05:30
File Inode Change Date/Time     : 2026:08:16 17:50:40+05:30
File Permissions                : -rw-rw-r--
Error                           : Unknown file type
amrut@Maverick:~/Documents/GDS-to-RTL/puzzle-task$ exiftool example_inputs.vcd 
ExifTool Version Number         : 12.76
File Name                       : example_inputs.vcd
Directory                       : .
File Size                       : 8.4 kB
File Modification Date/Time     : 2026:08:16 17:50:40+05:30
File Access Date/Time           : 2026:08:16 17:51:13+05:30
File Inode Change Date/Time     : 2026:08:16 17:50:40+05:30
File Permissions                : -rw-rw-r--
File Type                       : TXT
File Type Extension             : txt
MIME Type                       : text/plain
MIME Encoding                   : us-ascii
Newlines                        : Unix LF
Line Count                      : 1405
Word Count                      : 1508
amrut@Maverick:~/Documents/GDS-to-RTL/puzzle-task$ exiftool layout.png 
ExifTool Version Number         : 12.76
File Name                       : layout.png
Directory                       : .
File Size                       : 136 kB
File Modification Date/Time     : 2026:08:16 17:50:40+05:30
File Access Date/Time           : 2026:08:16 22:14:55+05:30
File Inode Change Date/Time     : 2026:08:16 17:50:40+05:30
File Permissions                : -rw-rw-r--
File Type                       : PNG
File Type Extension             : png
MIME Type                       : image/png
Image Width                     : 880
Image Height                    : 1000
Bit Depth                       : 8
Color Type                      : RGB with Alpha
Compression                     : Deflate/Inflate
Filter                          : Adaptive
Interlace                       : Noninterlaced
White Point X                   : 0.3127
White Point Y                   : 0.329
Red X                           : 0.64
Red Y                           : 0.33
Green X                         : 0.3
Green Y                         : 0.6
Blue X                          : 0.15
Blue Y                          : 0.06
Background Color                : 255 255 255
Pixels Per Unit X               : 96
Pixels Per Unit Y               : 96
Pixel Units                     : Unknown
Image Size                      : 880x1000
Megapixels                      : 0.880
amrut@Maverick:~/Documents/GDS-to-RTL/puzzle-task$ 

