
 /----------------------------------------------------------------------------\
 |                                                                            |
 |  yosys -- Yosys Open SYnthesis Suite                                       |
 |                                                                            |
 |  Copyright (C) 2012 - 2020  Claire Xenia Wolf <claire@yosyshq.com>         |
 |                                                                            |
 |  Permission to use, copy, modify, and/or distribute this software for any  |
 |  purpose with or without fee is hereby granted, provided that the above    |
 |  copyright notice and this permission notice appear in all copies.         |
 |                                                                            |
 |  THE SOFTWARE IS PROVIDED "AS IS" AND THE AUTHOR DISCLAIMS ALL WARRANTIES  |
 |  WITH REGARD TO THIS SOFTWARE INCLUDING ALL IMPLIED WARRANTIES OF          |
 |  MERCHANTABILITY AND FITNESS. IN NO EVENT SHALL THE AUTHOR BE LIABLE FOR   |
 |  ANY SPECIAL, DIRECT, INDIRECT, OR CONSEQUENTIAL DAMAGES OR ANY DAMAGES    |
 |  WHATSOEVER RESULTING FROM LOSS OF USE, DATA OR PROFITS, WHETHER IN AN     |
 |  ACTION OF CONTRACT, NEGLIGENCE OR OTHER TORTIOUS ACTION, ARISING OUT OF   |
 |  OR IN CONNECTION WITH THE USE OR PERFORMANCE OF THIS SOFTWARE.            |
 |                                                                            |
 \----------------------------------------------------------------------------/

 Yosys 0.33 (git sha1 2584903a060)


-- Running command `read_verilog results/warmup/sky130_models.v results/warmup/extracted_netlist.v;         hierarchy -top adder_demo_extracted; proc; flatten; async2sync; opt;         sat -seq 9 -set-init-zero -set rst_n 1 -set en 1 -set-at 9 S 1             -show A -show B -show S' --

1. Executing Verilog-2005 frontend: results/warmup/sky130_models.v
Parsing Verilog input from `results/warmup/sky130_models.v' to AST representation.
Generating RTLIL representation for module `\sky130_fd_sc_hd__a21bo_2'.
Generating RTLIL representation for module `\sky130_fd_sc_hd__a21boi_2'.
Generating RTLIL representation for module `\sky130_fd_sc_hd__a21o_2'.
Generating RTLIL representation for module `\sky130_fd_sc_hd__a31o_2'.
Generating RTLIL representation for module `\sky130_fd_sc_hd__and2_2'.
Generating RTLIL representation for module `\sky130_fd_sc_hd__and3_2'.
Generating RTLIL representation for module `\sky130_fd_sc_hd__and4bb_2'.
Generating RTLIL representation for module `\sky130_fd_sc_hd__clkbuf_16'.
Generating RTLIL representation for module `\sky130_fd_sc_hd__dfrtp_2'.
Generating RTLIL representation for module `\sky130_fd_sc_hd__mux2_1'.
Generating RTLIL representation for module `\sky130_fd_sc_hd__nand2_2'.
Generating RTLIL representation for module `\sky130_fd_sc_hd__nor2_2'.
Generating RTLIL representation for module `\sky130_fd_sc_hd__o21bai_2'.
Generating RTLIL representation for module `\sky130_fd_sc_hd__or2_2'.
Generating RTLIL representation for module `\sky130_fd_sc_hd__xnor2_2'.
Generating RTLIL representation for module `\sky130_fd_sc_hd__xor2_2'.
Generating RTLIL representation for module `\sky130_fd_sc_hd__decap_3'.
Generating RTLIL representation for module `\sky130_fd_sc_hd__decap_4'.
Generating RTLIL representation for module `\sky130_fd_sc_hd__decap_6'.
Generating RTLIL representation for module `\sky130_fd_sc_hd__decap_8'.
Generating RTLIL representation for module `\sky130_fd_sc_hd__decap_12'.
Generating RTLIL representation for module `\sky130_fd_sc_hd__tapvpwrvgnd_1'.
Generating RTLIL representation for module `\sky130_fd_sc_hd__fill_1'.
Generating RTLIL representation for module `\sky130_fd_sc_hd__fill_2'.
Generating RTLIL representation for module `\sky130_fd_sc_hd__fill_4'.
Generating RTLIL representation for module `\sky130_fd_sc_hd__fill_8'.
Generating RTLIL representation for module `\sky130_fd_sc_hd__diode_2'.
Successfully finished Verilog frontend.

2. Executing Verilog-2005 frontend: results/warmup/extracted_netlist.v
Parsing Verilog input from `results/warmup/extracted_netlist.v' to AST representation.
Generating RTLIL representation for module `\adder_demo_extracted'.
Successfully finished Verilog frontend.

3. Executing HIERARCHY pass (managing design hierarchy).

3.1. Analyzing design hierarchy..
Top module:  \adder_demo_extracted
Used module:     \sky130_fd_sc_hd__and2_2
Used module:     \sky130_fd_sc_hd__or2_2
Used module:     \sky130_fd_sc_hd__xnor2_2
Used module:     \sky130_fd_sc_hd__a31o_2
Used module:     \sky130_fd_sc_hd__nand2_2
Used module:     \sky130_fd_sc_hd__nor2_2
Used module:     \sky130_fd_sc_hd__xor2_2
Used module:     \sky130_fd_sc_hd__a21o_2
Used module:     \sky130_fd_sc_hd__a21bo_2
Used module:     \sky130_fd_sc_hd__and4bb_2
Used module:     \sky130_fd_sc_hd__o21bai_2
Used module:     \sky130_fd_sc_hd__a21boi_2
Used module:     \sky130_fd_sc_hd__mux2_1
Used module:     \sky130_fd_sc_hd__dfrtp_2
Used module:     \sky130_fd_sc_hd__clkbuf_16
Used module:     \sky130_fd_sc_hd__and3_2

3.2. Analyzing design hierarchy..
Top module:  \adder_demo_extracted
Used module:     \sky130_fd_sc_hd__and2_2
Used module:     \sky130_fd_sc_hd__or2_2
Used module:     \sky130_fd_sc_hd__xnor2_2
Used module:     \sky130_fd_sc_hd__a31o_2
Used module:     \sky130_fd_sc_hd__nand2_2
Used module:     \sky130_fd_sc_hd__nor2_2
Used module:     \sky130_fd_sc_hd__xor2_2
Used module:     \sky130_fd_sc_hd__a21o_2
Used module:     \sky130_fd_sc_hd__a21bo_2
Used module:     \sky130_fd_sc_hd__and4bb_2
Used module:     \sky130_fd_sc_hd__o21bai_2
Used module:     \sky130_fd_sc_hd__a21boi_2
Used module:     \sky130_fd_sc_hd__mux2_1
Used module:     \sky130_fd_sc_hd__dfrtp_2
Used module:     \sky130_fd_sc_hd__clkbuf_16
Used module:     \sky130_fd_sc_hd__and3_2
Removed 0 unused modules.

4. Executing PROC pass (convert processes to netlists).

4.1. Executing PROC_CLEAN pass (remove empty switches from decision trees).
Cleaned up 0 empty switches.

4.2. Executing PROC_RMDEAD pass (remove dead branches from decision trees).
Marked 1 switch rules as full_case in process $proc$results/warmup/sky130_models.v:71$22 in module sky130_fd_sc_hd__dfrtp_2.
Removed a total of 0 dead cases.

4.3. Executing PROC_PRUNE pass (remove redundant assignments in processes).
Removed 1 redundant assignment.
Promoted 1 assignment to connection.

4.4. Executing PROC_INIT pass (extract init attributes).
Found init rule in `\sky130_fd_sc_hd__dfrtp_2.$proc$results/warmup/sky130_models.v:70$24'.
  Set init value: \q_int = 1'0

4.5. Executing PROC_ARST pass (detect async resets in processes).
Found async reset \RESET_B in `\sky130_fd_sc_hd__dfrtp_2.$proc$results/warmup/sky130_models.v:71$22'.

4.6. Executing PROC_ROM pass (convert switches to ROMs).
Converted 0 switches.

4.7. Executing PROC_MUX pass (convert decision trees to multiplexers).
Creating decoders for process `\sky130_fd_sc_hd__dfrtp_2.$proc$results/warmup/sky130_models.v:70$24'.
Creating decoders for process `\sky130_fd_sc_hd__dfrtp_2.$proc$results/warmup/sky130_models.v:71$22'.
     1/1: $0\q_int[0:0]

4.8. Executing PROC_DLATCH pass (convert process syncs to latches).

4.9. Executing PROC_DFF pass (convert process syncs to FFs).
Creating register for signal `\sky130_fd_sc_hd__dfrtp_2.\q_int' using process `\sky130_fd_sc_hd__dfrtp_2.$proc$results/warmup/sky130_models.v:71$22'.
  created $adff cell `$procdff$50' with positive edge clock and negative level reset.

4.10. Executing PROC_MEMWR pass (convert process memory writes to cells).

4.11. Executing PROC_CLEAN pass (remove empty switches from decision trees).
Removing empty process `sky130_fd_sc_hd__dfrtp_2.$proc$results/warmup/sky130_models.v:70$24'.
Removing empty process `sky130_fd_sc_hd__dfrtp_2.$proc$results/warmup/sky130_models.v:71$22'.
Cleaned up 0 empty switches.

4.12. Executing OPT_EXPR pass (perform const folding).
Optimizing module adder_demo_extracted.
Optimizing module sky130_fd_sc_hd__xor2_2.
Optimizing module sky130_fd_sc_hd__xnor2_2.
Optimizing module sky130_fd_sc_hd__or2_2.
Optimizing module sky130_fd_sc_hd__o21bai_2.
Optimizing module sky130_fd_sc_hd__nor2_2.
Optimizing module sky130_fd_sc_hd__nand2_2.
Optimizing module sky130_fd_sc_hd__mux2_1.
Optimizing module sky130_fd_sc_hd__dfrtp_2.
Optimizing module sky130_fd_sc_hd__clkbuf_16.
Optimizing module sky130_fd_sc_hd__and4bb_2.
Optimizing module sky130_fd_sc_hd__and3_2.
Optimizing module sky130_fd_sc_hd__and2_2.
Optimizing module sky130_fd_sc_hd__a31o_2.
Optimizing module sky130_fd_sc_hd__a21o_2.
Optimizing module sky130_fd_sc_hd__a21boi_2.
Optimizing module sky130_fd_sc_hd__a21bo_2.

5. Executing FLATTEN pass (flatten design).
Deleting now unused module sky130_fd_sc_hd__xor2_2.
Deleting now unused module sky130_fd_sc_hd__xnor2_2.
Deleting now unused module sky130_fd_sc_hd__or2_2.
Deleting now unused module sky130_fd_sc_hd__o21bai_2.
Deleting now unused module sky130_fd_sc_hd__nor2_2.
Deleting now unused module sky130_fd_sc_hd__nand2_2.
Deleting now unused module sky130_fd_sc_hd__mux2_1.
Deleting now unused module sky130_fd_sc_hd__dfrtp_2.
Deleting now unused module sky130_fd_sc_hd__clkbuf_16.
Deleting now unused module sky130_fd_sc_hd__and4bb_2.
Deleting now unused module sky130_fd_sc_hd__and3_2.
Deleting now unused module sky130_fd_sc_hd__and2_2.
Deleting now unused module sky130_fd_sc_hd__a31o_2.
Deleting now unused module sky130_fd_sc_hd__a21o_2.
Deleting now unused module sky130_fd_sc_hd__a21boi_2.
Deleting now unused module sky130_fd_sc_hd__a21bo_2.
<suppressed ~79 debug messages>

6. Executing ASYNC2SYNC pass.
Replacing adder_demo_extracted.$flatten\u34_dfrtp_2.$procdff$50 ($adff): ARST=\u34_dfrtp_2.RESET_B, D=\u34_dfrtp_2.D, Q=\u34_dfrtp_2.q_int
Replacing adder_demo_extracted.$flatten\u33_dfrtp_2.$procdff$50 ($adff): ARST=\u33_dfrtp_2.RESET_B, D=\u33_dfrtp_2.D, Q=\u33_dfrtp_2.q_int
Replacing adder_demo_extracted.$flatten\u32_dfrtp_2.$procdff$50 ($adff): ARST=\u32_dfrtp_2.RESET_B, D=\u32_dfrtp_2.D, Q=\u32_dfrtp_2.q_int
Replacing adder_demo_extracted.$flatten\u26_dfrtp_2.$procdff$50 ($adff): ARST=\u26_dfrtp_2.RESET_B, D=\u26_dfrtp_2.D, Q=\u26_dfrtp_2.q_int
Replacing adder_demo_extracted.$flatten\u25_dfrtp_2.$procdff$50 ($adff): ARST=\u25_dfrtp_2.RESET_B, D=\u25_dfrtp_2.D, Q=\u25_dfrtp_2.q_int
Replacing adder_demo_extracted.$flatten\u24_dfrtp_2.$procdff$50 ($adff): ARST=\u24_dfrtp_2.RESET_B, D=\u24_dfrtp_2.D, Q=\u24_dfrtp_2.q_int
Replacing adder_demo_extracted.$flatten\u23_dfrtp_2.$procdff$50 ($adff): ARST=\u23_dfrtp_2.RESET_B, D=\u23_dfrtp_2.D, Q=\u23_dfrtp_2.q_int
Replacing adder_demo_extracted.$flatten\u19_dfrtp_2.$procdff$50 ($adff): ARST=\u19_dfrtp_2.RESET_B, D=\u19_dfrtp_2.D, Q=\u19_dfrtp_2.q_int
Replacing adder_demo_extracted.$flatten\u18_dfrtp_2.$procdff$50 ($adff): ARST=\u18_dfrtp_2.RESET_B, D=\u18_dfrtp_2.D, Q=\u18_dfrtp_2.q_int
Replacing adder_demo_extracted.$flatten\u13_dfrtp_2.$procdff$50 ($adff): ARST=\u13_dfrtp_2.RESET_B, D=\u13_dfrtp_2.D, Q=\u13_dfrtp_2.q_int
Replacing adder_demo_extracted.$flatten\u12_dfrtp_2.$procdff$50 ($adff): ARST=\u12_dfrtp_2.RESET_B, D=\u12_dfrtp_2.D, Q=\u12_dfrtp_2.q_int
Replacing adder_demo_extracted.$flatten\u11_dfrtp_2.$procdff$50 ($adff): ARST=\u11_dfrtp_2.RESET_B, D=\u11_dfrtp_2.D, Q=\u11_dfrtp_2.q_int
Replacing adder_demo_extracted.$flatten\u10_dfrtp_2.$procdff$50 ($adff): ARST=\u10_dfrtp_2.RESET_B, D=\u10_dfrtp_2.D, Q=\u10_dfrtp_2.q_int
Replacing adder_demo_extracted.$flatten\u9_dfrtp_2.$procdff$50 ($adff): ARST=\u9_dfrtp_2.RESET_B, D=\u9_dfrtp_2.D, Q=\u9_dfrtp_2.q_int
Replacing adder_demo_extracted.$flatten\u8_dfrtp_2.$procdff$50 ($adff): ARST=\u8_dfrtp_2.RESET_B, D=\u8_dfrtp_2.D, Q=\u8_dfrtp_2.q_int
Replacing adder_demo_extracted.$flatten\u30_dfrtp_2.$procdff$50 ($adff): ARST=\u30_dfrtp_2.RESET_B, D=\u30_dfrtp_2.D, Q=\u30_dfrtp_2.q_int

7. Executing OPT pass (performing simple optimizations).

7.1. Executing OPT_EXPR pass (perform const folding).
Optimizing module adder_demo_extracted.

7.2. Executing OPT_MERGE pass (detect identical cells).
Finding identical cells in module `\adder_demo_extracted'.
<suppressed ~111 debug messages>
Removed a total of 37 cells.

7.3. Executing OPT_MUXTREE pass (detect dead branches in mux trees).
Running muxtree optimizer on module \adder_demo_extracted..
  Creating internal representation of mux trees.
  Evaluating internal representation of mux trees.
  Analyzing evaluation results.
Removed 0 multiplexer ports.
<suppressed ~16 debug messages>

7.4. Executing OPT_REDUCE pass (consolidate $*mux and $reduce_* inputs).
  Optimizing cells in module \adder_demo_extracted.
Performed a total of 0 changes.

7.5. Executing OPT_MERGE pass (detect identical cells).
Finding identical cells in module `\adder_demo_extracted'.
Removed a total of 0 cells.

7.6. Executing OPT_DFF pass (perform DFF optimizations).

7.7. Executing OPT_CLEAN pass (remove unused cells and wires).
Finding unused cells or wires in module \adder_demo_extracted..
Removed 1 unused cells and 130 unused wires.
<suppressed ~2 debug messages>

7.8. Executing OPT_EXPR pass (perform const folding).
Optimizing module adder_demo_extracted.

7.9. Rerunning OPT passes. (Maybe there is more to do..)

7.10. Executing OPT_MUXTREE pass (detect dead branches in mux trees).
Running muxtree optimizer on module \adder_demo_extracted..
  Creating internal representation of mux trees.
  Evaluating internal representation of mux trees.
  Analyzing evaluation results.
Removed 0 multiplexer ports.
<suppressed ~16 debug messages>

7.11. Executing OPT_REDUCE pass (consolidate $*mux and $reduce_* inputs).
  Optimizing cells in module \adder_demo_extracted.
Performed a total of 0 changes.

7.12. Executing OPT_MERGE pass (detect identical cells).
Finding identical cells in module `\adder_demo_extracted'.
Removed a total of 0 cells.

7.13. Executing OPT_DFF pass (perform DFF optimizations).

7.14. Executing OPT_CLEAN pass (remove unused cells and wires).
Finding unused cells or wires in module \adder_demo_extracted..

7.15. Executing OPT_EXPR pass (perform const folding).
Optimizing module adder_demo_extracted.

7.16. Finished OPT passes. (There is nothing left to do.)

8. Executing SAT pass (solving SAT problems in the circuit).

Setting up time step 1:
Import set-constraint: \rst_n = 1'1
Import set-constraint: \en = 1'1
Final constraint equation: { \en \rst_n } = 2'11
Imported 203 cells to SAT database.
Import set-constraint from init attribute: $auto$async2sync.cc:171:execute$51 = 1'0
Import set-constraint from init attribute: $auto$async2sync.cc:171:execute$53 = 1'0
Import set-constraint from init attribute: $auto$async2sync.cc:171:execute$55 = 1'0
Import set-constraint from init attribute: $auto$async2sync.cc:171:execute$57 = 1'0
Import set-constraint from init attribute: $auto$async2sync.cc:171:execute$59 = 1'0
Import set-constraint from init attribute: $auto$async2sync.cc:171:execute$61 = 1'0
Import set-constraint from init attribute: $auto$async2sync.cc:171:execute$63 = 1'0
Import set-constraint from init attribute: $auto$async2sync.cc:171:execute$65 = 1'0
Import set-constraint from init attribute: $auto$async2sync.cc:171:execute$67 = 1'0
Import set-constraint from init attribute: $auto$async2sync.cc:171:execute$69 = 1'0
Import set-constraint from init attribute: $auto$async2sync.cc:171:execute$71 = 1'0
Import set-constraint from init attribute: $auto$async2sync.cc:171:execute$73 = 1'0
Import set-constraint from init attribute: $auto$async2sync.cc:171:execute$75 = 1'0
Import set-constraint from init attribute: $auto$async2sync.cc:171:execute$77 = 1'0
Import set-constraint from init attribute: $auto$async2sync.cc:171:execute$79 = 1'0
Import set-constraint from init attribute: $auto$async2sync.cc:171:execute$81 = 1'0
Final init constraint equation: { $auto$async2sync.cc:171:execute$81 $auto$async2sync.cc:171:execute$79 $auto$async2sync.cc:171:execute$77 $auto$async2sync.cc:171:execute$75 $auto$async2sync.cc:171:execute$73 $auto$async2sync.cc:171:execute$71 $auto$async2sync.cc:171:execute$69 $auto$async2sync.cc:171:execute$67 $auto$async2sync.cc:171:execute$65 $auto$async2sync.cc:171:execute$63 $auto$async2sync.cc:171:execute$61 $auto$async2sync.cc:171:execute$59 $auto$async2sync.cc:171:execute$57 $auto$async2sync.cc:171:execute$55 $auto$async2sync.cc:171:execute$53 $auto$async2sync.cc:171:execute$51 } = 16'0000000000000000

Setting up time step 2:
Import set-constraint: \rst_n = 1'1
Import set-constraint: \en = 1'1
Final constraint equation: { \en \rst_n } = 2'11
Imported 203 cells to SAT database.

Setting up time step 3:
Import set-constraint: \rst_n = 1'1
Import set-constraint: \en = 1'1
Final constraint equation: { \en \rst_n } = 2'11
Imported 203 cells to SAT database.

Setting up time step 4:
Import set-constraint: \rst_n = 1'1
Import set-constraint: \en = 1'1
Final constraint equation: { \en \rst_n } = 2'11
Imported 203 cells to SAT database.

Setting up time step 5:
Import set-constraint: \rst_n = 1'1
Import set-constraint: \en = 1'1
Final constraint equation: { \en \rst_n } = 2'11
Imported 203 cells to SAT database.

Setting up time step 6:
Import set-constraint: \rst_n = 1'1
Import set-constraint: \en = 1'1
Final constraint equation: { \en \rst_n } = 2'11
Imported 203 cells to SAT database.

Setting up time step 7:
Import set-constraint: \rst_n = 1'1
Import set-constraint: \en = 1'1
Final constraint equation: { \en \rst_n } = 2'11
Imported 203 cells to SAT database.

Setting up time step 8:
Import set-constraint: \rst_n = 1'1
Import set-constraint: \en = 1'1
Final constraint equation: { \en \rst_n } = 2'11
Imported 203 cells to SAT database.

Setting up time step 9:
Import set-constraint: \rst_n = 1'1
Import set-constraint: \en = 1'1
Import set-constraint for this timestep: \S = 1'1
Final constraint equation: { \S \en \rst_n } = 3'111
Imported 203 cells to SAT database.
Import show expression: \A
Import show expression: \B
Import show expression: \S

Solving problem with 9037 variables and 23364 clauses..
SAT solving finished - model found:

  Time Signal Name                                     Dec       Hex           Bin
  ---- --------------------------------------- ----------- --------- -------------
  init $auto$async2sync.cc:171:execute$51                0         0             0
  init $auto$async2sync.cc:171:execute$53                0         0             0
  init $auto$async2sync.cc:171:execute$55                0         0             0
  init $auto$async2sync.cc:171:execute$57                0         0             0
  init $auto$async2sync.cc:171:execute$59                0         0             0
  init $auto$async2sync.cc:171:execute$61                0         0             0
  init $auto$async2sync.cc:171:execute$63                0         0             0
  init $auto$async2sync.cc:171:execute$65                0         0             0
  init $auto$async2sync.cc:171:execute$67                0         0             0
  init $auto$async2sync.cc:171:execute$69                0         0             0
  init $auto$async2sync.cc:171:execute$71                0         0             0
  init $auto$async2sync.cc:171:execute$73                0         0             0
  init $auto$async2sync.cc:171:execute$75                0         0             0
  init $auto$async2sync.cc:171:execute$77                0         0             0
  init $auto$async2sync.cc:171:execute$79                0         0             0
  init $auto$async2sync.cc:171:execute$81                0         0             0
  ---- --------------------------------------- ----------- --------- -------------
     1 \A                                                1         1             1
     1 \B                                                1         1             1
     1 \S                                                0         0             0
  ---- --------------------------------------- ----------- --------- -------------
     2 \A                                                1         1             1
     2 \B                                                1         1             1
     2 \S                                                0         0             0
  ---- --------------------------------------- ----------- --------- -------------
     3 \A                                                1         1             1
     3 \B                                                1         1             1
     3 \S                                                0         0             0
  ---- --------------------------------------- ----------- --------- -------------
     4 \A                                                1         1             1
     4 \B                                                1         1             1
     4 \S                                                0         0             0
  ---- --------------------------------------- ----------- --------- -------------
     5 \A                                                0         0             0
     5 \B                                                1         1             1
     5 \S                                                0         0             0
  ---- --------------------------------------- ----------- --------- -------------
     6 \A                                                1         1             1
     6 \B                                                0         0             0
     6 \S                                                0         0             0
  ---- --------------------------------------- ----------- --------- -------------
     7 \A                                                0         0             0
     7 \B                                                1         1             1
     7 \S                                                0         0             0
  ---- --------------------------------------- ----------- --------- -------------
     8 \A                                                1         1             1
     8 \B                                                1         1             1
     8 \S                                                0         0             0
  ---- --------------------------------------- ----------- --------- -------------
     9 \A                                                0         0             0
     9 \B                                                0         0             0
     9 \S                                                1         1             1

End of script. Logfile hash: 6a2c052da5, CPU: user 0.08s system 0.01s, MEM: 18.62 MB peak
Yosys 0.33 (git sha1 2584903a060)
Time spent: 47% 1x sat (0 sec), 13% 4x opt_expr (0 sec), ...
